
> app@1.0.0 build
> next build

   ▲ Next.js 15.5.18

   Creating an optimized production build ...
 ✓ Compiled successfully in 13.4s
   Linting and checking validity of types ...
 ⨯ ESLint: Converting circular structure to JSON     --> starting at object with constructor 'Object'     |     property 'configs' -> object with constructor 'Object'     |     property 'flat' -> object with constructor 'Object'     |     ...     |     property 'plugins' -> object with constructor 'Object'     --- property 'react' closes the circle Referenced from: /app/.eslintrc.json
   Collecting page data ...
   Generating static pages (0/28) ...
Supabase client error: Missing NEXT_PUBLIC_SUPABASE_URL or NEXT_PUBLIC_SUPABASE_ANON_KEY
Error occurred prerendering page "/admin/content". Read more: https://nextjs.org/docs/messages/prerender-error
Error: @supabase/ssr: Your project's URL and API key are required to create a Supabase client!

Check your Supabase project's API settings to find these values

https://supabase.com/dashboard/project/_/settings/api
    at <unknown> (https://supabase.com/dashboard/project/_/settings/api)
    at c1 (.next/server/chunks/567.js:55:105)
    at e (.next/server/chunks/971.js:1:1228)
    at y (.next/server/chunks/971.js:1:3103) {
  digest: '2527706764'
}
Export encountered an error on /admin/content/page: /admin/content, exiting the build.
 ⨯ Next.js build worker exited with code: 1 and signal: null
